// Jest Snapshot v1, https://goo.gl/fbAQLP

exports[`should render Header correctly 1`] = `
<header>
  <h2>
    Expensify
  </h2>
  <NavLink
    activeClassName="is-active"
    exact={true}
    to="/"
  >
    DashBoard 
  </NavLink>
  <NavLink
    activeClassName="is-active"
    to="/create"
  >
    Create 
  </NavLink>
  <button
    onClick={[Function]}
  >
    Logout
  </button>
</header>
`;
